// Jest Snapshot v1, https://goo.gl/fbAQLP

exports[`GifCard Snapshot 1`] = `
<div>
  <div
    class="card"
  >
    <img
      alt="Goku"
      src="https://chatgpt.com/"
    />
    <p>
      Goku
    </p>
  </div>
</div>
`;
